---
source: src/parse/tests.rs
expression: "match parser.parse_field() {\n    Ok(value) => Ok(value),\n    Err(()) => Err(parser.lexer.extras.errors),\n}"
---
Err(
    [
        UnexpectedToken {
            expected: "an identifier",
            found: Comma,
            span: 15..16,
        },
    ],
)
