---
source: protox-parse/src/parse/tests.rs
expression: "if parser.lexer.extras.errors.is_empty() {\n        Ok(result.unwrap())\n    } else { Err(parser.lexer.extras.errors) }"
---
Ok(
    "any : { [ type . googleapis . com / foo . bar ] : { foo : \"bar\" } }",
)
