---
source: src/parse/tests.rs
expression: "if parser.lexer.extras.errors.is_empty() {\n        Ok(result.unwrap())\n    } else { Err(parser.lexer.extras.errors) }"
---
Err(
    [
        DuplicatePackage {
            first: 0..19,
            second: 28..48,
        },
    ],
)
