---
source: src/check/tests.rs
expression: "check_ok(r#\"\n        message Message {}\n\n        extend Message {\n            repeated group Foo = 1 {\n                required int32 bar = 1;\n            };\n        }\n    \"#)"
---
name: root.proto
messageType:
  - name: Message
  - name: Foo
    field:
      - name: bar
        number: 1
        label: LABEL_REQUIRED
        type: TYPE_INT32
        jsonName: bar
extension:
  - name: foo
    extendee: ".Message"
    number: 1
    label: LABEL_REPEATED
    type: TYPE_GROUP
    typeName: ".Foo"
    jsonName: foo
sourceCodeInfo:
  location:
    - span:
        - 1
        - 8
        - 7
        - 9
    - path:
        - 4
        - 0
      span:
        - 1
        - 8
        - 26
    - path:
        - 4
        - 0
        - 1
      span:
        - 1
        - 16
        - 23
    - path:
        - 4
        - 1
      span:
        - 4
        - 12
        - 6
        - 13
    - path:
        - 4
        - 1
        - 1
      span:
        - 4
        - 27
        - 30
    - path:
        - 4
        - 1
        - 2
        - 0
      span:
        - 5
        - 16
        - 39
    - path:
        - 4
        - 1
        - 2
        - 0
        - 1
      span:
        - 5
        - 31
        - 34
    - path:
        - 4
        - 1
        - 2
        - 0
        - 3
      span:
        - 5
        - 37
        - 38
    - path:
        - 4
        - 1
        - 2
        - 0
        - 4
      span:
        - 5
        - 16
        - 24
    - path:
        - 4
        - 1
        - 2
        - 0
        - 5
      span:
        - 5
        - 25
        - 30
    - path:
        - 7
      span:
        - 3
        - 8
        - 7
        - 9
    - path:
        - 7
        - 0
      span:
        - 4
        - 12
        - 6
        - 13
    - path:
        - 7
        - 0
        - 1
      span:
        - 4
        - 27
        - 30
    - path:
        - 7
        - 0
        - 2
      span:
        - 3
        - 15
        - 22
    - path:
        - 7
        - 0
        - 3
      span:
        - 4
        - 33
        - 34
    - path:
        - 7
        - 0
        - 4
      span:
        - 4
        - 12
        - 20
    - path:
        - 7
        - 0
        - 5
      span:
        - 4
        - 21
        - 26
    - path:
        - 7
        - 0
        - 6
      span:
        - 4
        - 27
        - 30

