---
source: src/check/tests.rs
expression: "check_ok(\"message Foo { optional int32 i = 536870911; }\")"
---
{
  "name": "root.proto",
  "messageType": [
    {
      "name": "Foo",
      "field": [
        {
          "name": "i",
          "number": 536870911,
          "label": "LABEL_OPTIONAL",
          "type": "TYPE_INT32",
          "jsonName": "i"
        }
      ]
    }
  ],
  "sourceCodeInfo": {
    "location": [
      {
        "span": [
          0,
          0,
          45
        ]
      },
      {
        "path": [
          4,
          0
        ],
        "span": [
          0,
          0,
          45
        ]
      },
      {
        "path": [
          4,
          0,
          1
        ],
        "span": [
          0,
          8,
          11
        ]
      },
      {
        "path": [
          4,
          0,
          2,
          0
        ],
        "span": [
          0,
          14,
          43
        ]
      },
      {
        "path": [
          4,
          0,
          2,
          0,
          1
        ],
        "span": [
          0,
          29,
          30
        ]
      },
      {
        "path": [
          4,
          0,
          2,
          0,
          3
        ],
        "span": [
          0,
          33,
          42
        ]
      },
      {
        "path": [
          4,
          0,
          2,
          0,
          4
        ],
        "span": [
          0,
          14,
          22
        ]
      },
      {
        "path": [
          4,
          0,
          2,
          0,
          5
        ],
        "span": [
          0,
          23,
          28
        ]
      }
    ]
  }
}
