---
source: src/tests.rs
expression: "parse(\"\n        message Foo {\n            optional int32 enum = 1 [default = 2.4];\n        }\n    \")"
---
Err(
    Error {
        kind: CheckErrors {
            err: ValueInvalidType {
                expected: "an integer",
                actual: "2.4",
                span: 70..73,
            },
            src: DynSourceCode { .. },
            errors: [],
        },
    },
)
